ðŸ„ 12:15:00 | CPU:  53% | Media:  53%
[02/15/2026 12:15:00] ACTION: Switched to EQUILIBRADO
ðŸ„ 12:15:03 | CPU:  40% | Media:  46%
ðŸ„ 12:15:06 | CPU:  32% | Media:  42%
ðŸ„ 12:15:09 | CPU:  48% | Media:  43%
ðŸ„ 12:15:12 | CPU:  36% | Media:  42%
ðŸ„ 12:15:15 | CPU:  23% | Media:  39%
[02/15/2026 12:15:15] ACTION: Switched to ECONOMIA DE ENERGIA
ðŸ„ 12:15:19 | CPU:  27% | Media:  37%
ðŸ„ 12:15:22 | CPU:  30% | Media:  36%
ðŸ„ 12:15:25 | CPU:  41% | Media:  37%
ðŸ„ 12:15:28 | CPU:  27% | Media:  36%
ðŸ„ 12:15:31 | CPU:  31% | Media:  34%
ðŸ„ 12:15:34 | CPU:  43% | Media:  34%
ðŸ„ 12:15:38 | CPU:  43% | Media:  35%
ðŸ„ 12:15:41 | CPU:  29% | Media:  33%
ðŸ„ 12:15:44 | CPU:  20% | Media:  31%
ðŸ„ 12:15:47 | CPU:  22% | Media:  31%
ðŸ„ 12:15:50 | CPU:  20% | Media:  31%
ðŸ„ 12:15:53 | CPU:  39% | Media:  32%
ðŸ„ 12:15:57 | CPU:  24% | Media:  30%
ðŸ„ 12:16:00 | CPU:  35% | Media:  31%
ðŸ„ 12:16:03 | CPU:  46% | Media:  32%
ðŸ„ 12:16:06 | CPU:  23% | Media:  30%
ðŸ„ 12:16:09 | CPU:  30% | Media:  29%
ðŸ„ 12:16:12 | CPU:  32% | Media:  29%
ðŸ„ 12:16:15 | CPU:  30% | Media:  30%
ðŸ„ 12:16:19 | CPU:  32% | Media:  31%
ðŸ„ 12:16:22 | CPU:  28% | Media:  32%
ðŸ„ 12:16:25 | CPU:  48% | Media:  33%
ðŸ„ 12:16:28 | CPU:  28% | Media:  33%
ðŸ„ 12:16:31 | CPU:  33% | Media:  33%
ðŸ„ 12:16:34 | CPU:  48% | Media:  33%
ðŸ„ 12:16:37 | CPU:  43% | Media:  35%
ðŸ„ 12:16:40 | CPU:  39% | Media:  36%
ðŸ„ 12:16:44 | CPU:  45% | Media:  37%
ðŸ„ 12:16:47 | CPU:  31% | Media:  38%
ðŸ„ 12:16:50 | CPU:  40% | Media:  38%
ðŸ„ 12:16:53 | CPU:  36% | Media:  39%
ðŸ„ 12:16:56 | CPU:  26% | Media:  37%
ðŸ„ 12:16:59 | CPU:  28% | Media:  37%
ðŸ„ 12:17:02 | CPU:  27% | Media:  36%
ðŸ„ 12:17:06 | CPU:  44% | Media:  36%
ðŸ„ 12:17:09 | CPU:  33% | Media:  35%
ðŸ„ 12:17:12 | CPU:  26% | Media:  34%
ðŸ„ 12:17:15 | CPU:  35% | Media:  33%
ðŸ„ 12:17:18 | CPU:  31% | Media:  33%
ðŸ„ 12:17:21 | CPU:  34% | Media:  32%
ðŸ„ 12:17:24 | CPU:  34% | Media:  32%
ðŸ„ 12:17:28 | CPU:  26% | Media:  32%
ðŸ„ 12:17:31 | CPU:  36% | Media:  33%
ðŸ„ 12:17:34 | CPU:  40% | Media:  34%
ðŸ„ 12:17:37 | CPU:  23% | Media:  32%
ðŸ„ 12:17:40 | CPU:  24% | Media:  31%
ðŸ„ 12:17:43 | CPU:  31% | Media:  31%
ðŸ„ 12:17:46 | CPU:  42% | Media:  32%
ðŸ„ 12:17:50 | CPU:  34% | Media:  32%
ðŸ„ 12:17:53 | CPU:  31% | Media:  32%
ðŸ„ 12:17:56 | CPU:  36% | Media:  32%
ðŸ„ 12:17:59 | CPU:  24% | Media:  32%
ðŸ„ 12:18:02 | CPU:  30% | Media:  32%
ðŸ„ 12:18:05 | CPU:  34% | Media:  31%
ðŸ„ 12:18:08 | CPU:  53% | Media:  34%
ðŸ„ 12:18:12 | CPU:  23% | Media:  34%
ðŸ„ 12:18:15 | CPU:  42% | Media:  35%
ðŸ„ 12:18:18 | CPU:  32% | Media:  34%
ðŸ„ 12:18:21 | CPU:  34% | Media:  34%
ðŸ„ 12:18:24 | CPU:  33% | Media:  34%
ðŸ„ 12:18:27 | CPU:  50% | Media:  36%
ðŸ„ 12:18:31 | CPU:  33% | Media:  36%
ðŸ„ 12:18:34 | CPU:  31% | Media:  36%
ðŸ„ 12:18:37 | CPU:  24% | Media:  36%
ðŸ„ 12:18:40 | CPU:  23% | Media:  32%
ðŸ„ 12:18:43 | CPU:  28% | Media:  33%
ðŸ„ 12:18:46 | CPU:  32% | Media:  32%
ðŸ„ 12:18:49 | CPU:  46% | Media:  33%
ðŸ„ 12:18:53 | CPU:  37% | Media:  34%
ðŸ„ 12:18:56 | CPU:  48% | Media:  35%
ðŸ„ 12:18:59 | CPU:  26% | Media:  33%
ðŸ„ 12:19:02 | CPU:  25% | Media:  32%
ðŸ„ 12:19:05 | CPU:  41% | Media:  33%
ðŸ„ 12:19:08 | CPU:  28% | Media:  33%
ðŸ„ 12:19:12 | CPU:  26% | Media:  34%
ðŸ„ 12:19:15 | CPU:  31% | Media:  34%
ðŸ„ 12:19:18 | CPU:  26% | Media:  33%
ðŸ„ 12:19:21 | CPU:  34% | Media:  32%
ðŸ„ 12:19:24 | CPU:  46% | Media:  33%
ðŸ„ 12:19:27 | CPU:  37% | Media:  32%
ðŸ„ 12:19:30 | CPU:  34% | Media:  33%
ðŸ„ 12:19:33 | CPU:  23% | Media:  33%
ðŸ„ 12:19:36 | CPU:  40% | Media:  32%
ðŸ„ 12:19:40 | CPU:  29% | Media:  33%
ðŸ„ 12:19:43 | CPU:  13% | Media:  31%
ðŸ„ 12:19:46 | CPU:  22% | Media:  30%
ðŸ„ 12:19:49 | CPU:  25% | Media:  30%
ðŸ„ 12:19:52 | CPU:  28% | Media:  30%
ðŸ„ 12:19:55 | CPU:  20% | Media:  27%
ðŸ„ 12:19:58 | CPU:  18% | Media:  25%
ðŸ„ 12:20:02 | CPU:  43% | Media:  26%
ðŸ„ 12:20:05 | CPU:  32% | Media:  27%
ðŸ„ 12:20:08 | CPU:  21% | Media:  25%
ðŸ„ 12:20:11 | CPU:  24% | Media:  25%
ðŸ„ 12:20:14 | CPU:  14% | Media:  25%
ðŸ„ 12:20:17 | CPU:  29% | Media:  25%
ðŸ„ 12:20:21 | CPU:  48% | Media:  28%
ðŸ„ 12:20:24 | CPU:  29% | Media:  28%
ðŸ„ 12:20:27 | CPU:  27% | Media:  28%
ðŸ„ 12:20:30 | CPU:  13% | Media:  28%
ðŸ„ 12:20:33 | CPU:  29% | Media:  27%
ðŸ„ 12:20:36 | CPU:  13% | Media:  25%
ðŸ„ 12:20:40 | CPU:  15% | Media:  24%
ðŸ„ 12:20:43 | CPU:  29% | Media:  25%
ðŸ„ 12:20:46 | CPU:  30% | Media:  26%
ðŸ„ 12:20:49 | CPU:  19% | Media:  25%
ðŸ„ 12:20:52 | CPU:  21% | Media:  22%
ðŸ„ 12:20:55 | CPU:  40% | Media:  24%
ðŸ„ 12:20:58 | CPU:  42% | Media:  25%
ðŸ„ 12:21:02 | CPU:  28% | Media:  27%
ðŸ„ 12:21:05 | CPU:  55% | Media:  29%
ðŸ„ 12:21:08 | CPU:  39% | Media:  32%
ðŸ„ 12:21:11 | CPU:  43% | Media:  35%
ðŸ„ 12:21:14 | CPU:  28% | Media:  34%
ðŸ„ 12:21:17 | CPU:  26% | Media:  34%
ðŸ„ 12:21:20 | CPU:  23% | Media:  34%
ðŸ„ 12:21:24 | CPU:  31% | Media:  36%
ðŸ„ 12:21:27 | CPU:  23% | Media:  34%
ðŸ„ 12:21:30 | CPU:  42% | Media:  34%
ðŸ„ 12:21:33 | CPU:  34% | Media:  34%
ðŸ„ 12:21:36 | CPU:  45% | Media:  33%
ðŸ„ 12:21:39 | CPU:  31% | Media:  33%
ðŸ„ 12:21:42 | CPU:  40% | Media:  32%
ðŸ„ 12:21:46 | CPU:  23% | Media:  32%
ðŸ„ 12:21:49 | CPU:  37% | Media:  33%
ðŸ„ 12:21:52 | CPU:  31% | Media:  34%
ðŸ„ 12:21:55 | CPU:  26% | Media:  33%
ðŸ„ 12:21:58 | CPU:  26% | Media:  34%
ðŸ„ 12:22:01 | CPU:  42% | Media:  34%
ðŸ„ 12:22:05 | CPU:  35% | Media:  34%
ðŸ„ 12:22:08 | CPU:  51% | Media:  34%
ðŸ„ 12:22:11 | CPU:  16% | Media:  33%
ðŸ„ 12:22:14 | CPU:  41% | Media:  33%
ðŸ„ 12:22:17 | CPU:  34% | Media:  34%
ðŸ„ 12:22:20 | CPU:  16% | Media:  32%
ðŸ„ 12:22:23 | CPU:  17% | Media:  30%
ðŸ„ 12:22:27 | CPU:  21% | Media:  30%
ðŸ„ 12:22:30 | CPU:  32% | Media:  30%
ðŸ„ 12:22:33 | CPU:  54% | Media:  32%
ðŸ„ 12:22:36 | CPU:  23% | Media:  30%
ðŸ„ 12:22:39 | CPU:  42% | Media:  30%
ðŸ„ 12:22:42 | CPU:  25% | Media:  30%
ðŸ„ 12:22:45 | CPU:  19% | Media:  28%
ðŸ„ 12:22:49 | CPU:  41% | Media:  29%
ðŸ„ 12:22:52 | CPU:  37% | Media:  31%
ðŸ„ 12:22:55 | CPU:  26% | Media:  32%
ðŸ„ 12:22:58 | CPU:  45% | Media:  34%
ðŸ„ 12:23:01 | CPU:  15% | Media:  33%
ðŸ„ 12:23:04 | CPU:  36% | Media:  31%
ðŸ„ 12:23:07 | CPU:  63% | Media:  35%
ðŸ„ 12:23:11 | CPU:  27% | Media:  33%
ðŸ„ 12:23:14 | CPU:  29% | Media:  34%
ðŸ„ 12:23:17 | CPU:  14% | Media:  33%
ðŸ„ 12:23:20 | CPU:  29% | Media:  32%
ðŸ„ 12:23:23 | CPU:  26% | Media:  31%
ðŸ„ 12:23:26 | CPU:  27% | Media:  31%
ðŸ„ 12:23:29 | CPU:  37% | Media:  30%
ðŸ„ 12:23:33 | CPU:  48% | Media:  34%
ðŸ„ 12:23:36 | CPU:  25% | Media:  32%
ðŸ„ 12:23:39 | CPU:  38% | Media:  30%
ðŸ„ 12:23:42 | CPU:  32% | Media:  30%
ðŸ„ 12:23:45 | CPU:  37% | Media:  31%
ðŸ„ 12:23:48 | CPU:  30% | Media:  33%
ðŸ„ 12:23:51 | CPU:  39% | Media:  34%
ðŸ„ 12:23:55 | CPU:  26% | Media:  34%
ðŸ„ 12:23:58 | CPU:  30% | Media:  34%
ðŸ„ 12:24:01 | CPU:  48% | Media:  35%
ðŸ„ 12:24:04 | CPU:  48% | Media:  35%
ðŸ„ 12:24:07 | CPU:  50% | Media:  38%
ðŸ„ 12:24:10 | CPU:  15% | Media:  36%
ðŸ„ 12:24:13 | CPU:  26% | Media:  35%
ðŸ„ 12:24:17 | CPU:  43% | Media:  36%
ðŸ„ 12:24:20 | CPU:  42% | Media:  37%
ðŸ„ 12:24:23 | CPU:  23% | Media:  35%
ðŸ„ 12:24:26 | CPU:  33% | Media:  36%
ðŸ„ 12:24:29 | CPU:  14% | Media:  34%
ðŸ„ 12:24:32 | CPU:  21% | Media:  32%
ðŸ„ 12:24:35 | CPU:  38% | Media:  30%
ðŸ„ 12:24:39 | CPU:  29% | Media:  28%
ðŸ„ 12:24:42 | CPU:  26% | Media:  30%
ðŸ„ 12:24:45 | CPU:  29% | Media:  30%
ðŸ„ 12:24:48 | CPU:  25% | Media:  28%
ðŸ„ 12:24:51 | CPU:  20% | Media:  26%
ðŸ„ 12:24:54 | CPU:  51% | Media:  29%
ðŸ„ 12:24:57 | CPU:  21% | Media:  27%
ðŸ„ 12:25:01 | CPU:  17% | Media:  28%
ðŸ„ 12:25:04 | CPU:  49% | Media:  30%
ðŸ„ 12:25:07 | CPU:  34% | Media:  30%
ðŸ„ 12:25:10 | CPU:  29% | Media:  30%
ðŸ„ 12:25:13 | CPU:  35% | Media:  31%
ðŸ„ 12:25:16 | CPU:  18% | Media:  30%
ðŸ„ 12:25:20 | CPU:  30% | Media:  30%
ðŸ„ 12:25:23 | CPU:  50% | Media:  33%
ðŸ„ 12:25:26 | CPU:  16% | Media:  30%
ðŸ„ 12:25:29 | CPU:  51% | Media:  33%
ðŸ„ 12:25:32 | CPU:  24% | Media:  34%
ðŸ„ 12:25:35 | CPU:  31% | Media:  32%
ðŸ„ 12:25:38 | CPU:  42% | Media:  33%
ðŸ„ 12:25:42 | CPU:  40% | Media:  34%
ðŸ„ 12:25:45 | CPU:  29% | Media:  33%
ðŸ„ 12:25:48 | CPU:  36% | Media:  35%
ðŸ„ 12:25:51 | CPU:  41% | Media:  36%
ðŸ„ 12:25:54 | CPU:  45% | Media:  36%
ðŸ„ 12:25:57 | CPU:  46% | Media:  38%
ðŸ„ 12:26:00 | CPU:  30% | Media:  36%
ðŸ„ 12:26:03 | CPU:  37% | Media:  38%
ðŸ„ 12:26:06 | CPU:  27% | Media:  37%
ðŸ„ 12:26:10 | CPU:  33% | Media:  36%
ðŸ„ 12:26:13 | CPU:  18% | Media:  34%
ðŸ„ 12:26:16 | CPU:  29% | Media:  34%
ðŸ„ 12:26:19 | CPU:  31% | Media:  34%
ðŸ„ 12:26:22 | CPU:  23% | Media:  32%
ðŸ„ 12:26:25 | CPU:  16% | Media:  29%
ðŸ„ 12:26:28 | CPU:  20% | Media:  26%
ðŸ„ 12:26:32 | CPU:  27% | Media:  26%
ðŸ„ 12:26:35 | CPU:  43% | Media:  27%
ðŸ„ 12:26:38 | CPU:  44% | Media:  28%
ðŸ„ 12:26:41 | CPU:  15% | Media:  27%
ðŸ„ 12:26:44 | CPU:  22% | Media:  27%
ðŸ„ 12:26:47 | CPU:  27% | Media:  27%
ðŸ„ 12:26:51 | CPU:  31% | Media:  27%
ðŸ„ 12:26:54 | CPU:  25% | Media:  27%
ðŸ„ 12:26:57 | CPU:  18% | Media:  27%
ðŸ„ 12:27:00 | CPU:  45% | Media:  30%
ðŸ„ 12:27:03 | CPU:  16% | Media:  29%
ðŸ„ 12:27:06 | CPU:  29% | Media:  27%
ðŸ„ 12:27:09 | CPU:  48% | Media:  28%
ðŸ„ 12:27:12 | CPU:  24% | Media:  28%
ðŸ„ 12:27:16 | CPU:  29% | Media:  29%
ðŸ„ 12:27:19 | CPU:  43% | Media:  31%
ðŸ„ 12:27:22 | CPU:  15% | Media:  29%
ðŸ„ 12:27:25 | CPU:  16% | Media:  28%
ðŸ„ 12:27:28 | CPU:  30% | Media:  30%
ðŸ„ 12:27:31 | CPU:  27% | Media:  28%
ðŸ„ 12:27:34 | CPU:  46% | Media:  31%
ðŸ„ 12:27:38 | CPU:  14% | Media:  29%
ðŸ„ 12:27:41 | CPU:  32% | Media:  28%
ðŸ„ 12:27:44 | CPU:  26% | Media:  28%
ðŸ„ 12:27:47 | CPU:  13% | Media:  26%
ðŸ„ 12:27:50 | CPU:  42% | Media:  26%
ðŸ„ 12:27:53 | CPU:  23% | Media:  27%
ðŸ„ 12:27:56 | CPU:  19% | Media:  27%
ðŸ„ 12:28:00 | CPU:  34% | Media:  28%
ðŸ„ 12:28:03 | CPU:  35% | Media:  28%
ðŸ„ 12:28:06 | CPU:  26% | Media:  26%
ðŸ„ 12:28:09 | CPU:  35% | Media:  28%
ðŸ„ 12:28:12 | CPU:  16% | Media:  27%
ðŸ„ 12:28:15 | CPU:  41% | Media:  28%
ðŸ„ 12:28:19 | CPU:  25% | Media:  30%
ðŸ„ 12:28:22 | CPU:  29% | Media:  28%
ðŸ„ 12:28:25 | CPU:  23% | Media:  28%
ðŸ„ 12:28:28 | CPU:  51% | Media:  32%
ðŸ„ 12:28:31 | CPU:  34% | Media:  32%
ðŸ„ 12:28:34 | CPU:  42% | Media:  32%
ðŸ„ 12:28:37 | CPU:  45% | Media:  34%
ðŸ„ 12:28:41 | CPU:  26% | Media:  33%
ðŸ„ 12:28:44 | CPU:  30% | Media:  35%
ðŸ„ 12:28:47 | CPU:  41% | Media:  35%
ðŸ„ 12:28:50 | CPU:  29% | Media:  35%
ðŸ„ 12:28:53 | CPU:  31% | Media:  35%
ðŸ„ 12:28:56 | CPU:  21% | Media:  35%
ðŸ„ 12:28:59 | CPU:  39% | Media:  34%
ðŸ„ 12:29:03 | CPU:  27% | Media:  33%
ðŸ„ 12:29:06 | CPU:  15% | Media:  30%
ðŸ„ 12:29:09 | CPU:  26% | Media:  28%
ðŸ„ 12:29:12 | CPU:  18% | Media:  28%
ðŸ„ 12:29:15 | CPU:  14% | Media:  26%
ðŸ„ 12:29:18 | CPU:  29% | Media:  25%
ðŸ„ 12:29:21 | CPU:  37% | Media:  26%
ðŸ„ 12:29:25 | CPU:  28% | Media:  25%
ðŸ„ 12:29:28 | CPU:  31% | Media:  26%
ðŸ„ 12:29:31 | CPU:  42% | Media:  27%
ðŸ„ 12:29:34 | CPU:  24% | Media:  26%
ðŸ„ 12:29:37 | CPU:  28% | Media:  28%
ðŸ„ 12:29:40 | CPU:  20% | Media:  27%
ðŸ„ 12:29:43 | CPU:  16% | Media:  27%
ðŸ„ 13:58:12 | CPU: 100% | Media:  36%
ðŸ„ 13:58:18 | CPU: 100% | Media:  43%
[02/15/2026 13:58:21] ACTION: Switched to EQUILIBRADO
ðŸ„ 13:58:25 | CPU: 100% | Media:  49%
ðŸ„ 13:58:29 | CPU: 100% | Media:  56%
ðŸ„ 13:58:33 | CPU: 100% | Media:  63%
ðŸ„ 13:58:36 | CPU: 100% | Media:  69%
ðŸ„ 13:58:39 | CPU: 100% | Media:  76%
ðŸ„ 13:58:42 | CPU: 100% | Media:  84%
[02/15/2026 13:58:42] ACTION: Switched to ALTO DESEMPENHO
ðŸ„ 13:58:45 | CPU:  33% | Media:  85%
ðŸ„ 13:58:49 | CPU:  37% | Media:  87%
ðŸ„ 13:58:52 | CPU:  46% | Media:  82%
ðŸ„ 13:58:55 | CPU:  99% | Media:  82%
ðŸ„ 13:58:58 | CPU:  90% | Media:  80%
ðŸ„ 13:59:01 | CPU:  42% | Media:  75%
[02/15/2026 13:59:03] ACTION: Switched to EQUILIBRADO
ðŸ„ 13:59:12 | CPU: 100% | Media:  75%
ðŸ„ 13:59:16 | CPU:  93% | Media:  74%
ðŸ„ 13:59:20 | CPU:  20% | Media:  66%
ðŸ„ 13:59:23 | CPU:  55% | Media:  62%
ðŸ„ 13:59:26 | CPU:  26% | Media:  61%
ðŸ„ 13:59:29 | CPU:  35% | Media:  61%
ðŸ„ 13:59:32 | CPU:  43% | Media:  60%
ðŸ„ 13:59:35 | CPU:  25% | Media:  53%
ðŸ„ 13:59:38 | CPU:  65% | Media:  50%
ðŸ„ 13:59:41 | CPU:  30% | Media:  49%
ðŸ„ 13:59:44 | CPU:  54% | Media:  45%
ðŸ„ 13:59:47 | CPU:  56% | Media:  41%
ðŸ„ 13:59:50 | CPU:  23% | Media:  41%
ðŸ„ 13:59:54 | CPU:  36% | Media:  39%
[02/15/2026 13:59:54] ACTION: Switched to ECONOMIA DE ENERGIA
ðŸ„ 13:59:57 | CPU:  59% | Media:  43%
[02/15/2026 13:59:58] ACTION: Switched to EQUILIBRADO
ðŸ„ 14:00:01 | CPU:  42% | Media:  43%
ðŸ„ 14:00:04 | CPU:  46% | Media:  44%
ðŸ„ 14:00:07 | CPU:  45% | Media:  46%
ðŸ„ 14:00:10 | CPU:  65% | Media:  46%
ðŸ„ 14:00:14 | CPU:  93% | Media:  52%
ðŸ„ 14:00:17 | CPU: 100% | Media:  56%
ðŸ„ 14:00:20 | CPU: 100% | Media:  61%
ðŸ„ 14:00:24 | CPU:  99% | Media:  68%
ðŸ„ 14:00:27 | CPU:  76% | Media:  72%
ðŸ„ 14:00:30 | CPU:  50% | Media:  72%
ðŸ„ 14:00:33 | CPU:  46% | Media:  72%
ðŸ„ 14:00:36 | CPU:  42% | Media:  72%
ðŸ„ 14:00:39 | CPU:  49% | Media:  72%
ðŸ„ 14:00:42 | CPU:  74% | Media:  73%
ðŸ„ 14:00:45 | CPU:  34% | Media:  67%
ðŸ„ 14:00:48 | CPU:  68% | Media:  64%
ðŸ„ 14:00:51 | CPU:  52% | Media:  59%
ðŸ„ 14:00:54 | CPU:  29% | Media:  52%
ðŸ„ 14:00:58 | CPU:  51% | Media:  50%
ðŸ„ 14:01:01 | CPU:  43% | Media:  49%
ðŸ„ 14:01:04 | CPU:  51% | Media:  49%
ðŸ„ 14:01:07 | CPU:  34% | Media:  48%
ðŸ„ 14:01:10 | CPU:  49% | Media:  48%
ðŸ„ 14:01:13 | CPU:  37% | Media:  45%
ðŸ„ 14:01:16 | CPU:  38% | Media:  45%
ðŸ„ 14:01:19 | CPU:  29% | Media:  41%
ðŸ„ 14:01:22 | CPU:  44% | Media:  40%
ðŸ„ 14:01:25 | CPU:  33% | Media:  41%
ðŸ„ 14:01:28 | CPU:  38% | Media:  40%
ðŸ„ 14:01:32 | CPU:  71% | Media:  42%
ðŸ„ 14:01:35 | CPU:  26% | Media:  40%
ðŸ„ 14:01:38 | CPU:  31% | Media:  40%
ðŸ„ 14:01:41 | CPU:  35% | Media:  38%
[02/15/2026 14:01:41] ACTION: Switched to ECONOMIA DE ENERGIA
ðŸ„ 14:01:44 | CPU:  51% | Media:  40%
[02/15/2026 14:01:44] ACTION: Switched to EQUILIBRADO
ðŸ„ 14:01:48 | CPU:  55% | Media:  41%
ðŸ„ 14:01:51 | CPU:  62% | Media:  45%
ðŸ„ 14:01:54 | CPU:  34% | Media:  44%
ðŸ„ 14:01:57 | CPU:  63% | Media:  47%
ðŸ„ 14:02:00 | CPU:  34% | Media:  46%
ðŸ„ 14:02:03 | CPU:  20% | Media:  41%
ðŸ„ 14:02:06 | CPU:  37% | Media:  42%
ðŸ„ 14:02:09 | CPU:  30% | Media:  42%
ðŸ„ 14:02:12 | CPU:  28% | Media:  41%
ðŸ„ 14:02:15 | CPU:  39% | Media:  40%
ðŸ„ 14:02:18 | CPU:  32% | Media:  38%
[02/15/2026 14:02:19] ACTION: Switched to ECONOMIA DE ENERGIA
ðŸ„ 14:02:22 | CPU:  34% | Media:  35%
ðŸ„ 14:02:25 | CPU:  40% | Media:  36%
ðŸ„ 14:02:28 | CPU:  43% | Media:  34%
ðŸ„ 14:02:31 | CPU:  26% | Media:  33%
ðŸ„ 14:02:34 | CPU:  49% | Media:  36%
ðŸ„ 14:02:37 | CPU:  47% | Media:  37%
ðŸ„ 14:02:41 | CPU:  46% | Media:  38%
ðŸ„ 14:02:44 | CPU:  60% | Media:  42%
[02/15/2026 14:02:44] ACTION: Switched to EQUILIBRADO
ðŸ„ 14:02:47 | CPU:  26% | Media:  40%
ðŸ„ 14:02:50 | CPU:  24% | Media:  40%
ðŸ„ 14:02:53 | CPU:  17% | Media:  38%
[02/15/2026 14:02:53] ACTION: Switched to ECONOMIA DE ENERGIA
ðŸ„ 14:02:57 | CPU:  74% | Media:  41%
[02/15/2026 14:02:57] ACTION: Switched to EQUILIBRADO
ðŸ„ 14:03:00 | CPU:  40% | Media:  41%
ðŸ„ 14:03:03 | CPU:  29% | Media:  41%
ðŸ„ 14:03:06 | CPU:  23% | Media:  39%
[02/15/2026 14:03:07] ACTION: Switched to ECONOMIA DE ENERGIA
ðŸ„ 14:03:10 | CPU:  49% | Media:  39%
ðŸ„ 14:03:13 | CPU:  48% | Media:  39%
ðŸ„ 14:03:16 | CPU:  53% | Media:  38%
ðŸ„ 14:03:19 | CPU:  76% | Media:  43%
[02/15/2026 14:03:19] ACTION: Switched to EQUILIBRADO
ðŸ„ 14:03:23 | CPU:  62% | Media:  47%
ðŸ„ 14:03:26 | CPU:  43% | Media:  50%
ðŸ„ 14:03:29 | CPU:  62% | Media:  48%
ðŸ„ 14:03:32 | CPU:  41% | Media:  49%
ðŸ„ 14:03:35 | CPU:  18% | Media:  48%
ðŸ„ 14:03:38 | CPU:  50% | Media:  50%
ðŸ„ 14:03:41 | CPU:  43% | Media:  50%
ðŸ„ 14:03:44 | CPU:  24% | Media:  47%
ðŸ„ 14:03:47 | CPU:  54% | Media:  47%
ðŸ„ 14:03:50 | CPU:  65% | Media:  46%
ðŸ„ 14:03:53 | CPU:  43% | Media:  44%
ðŸ„ 14:03:56 | CPU:  20% | Media:  42%
ðŸ„ 14:04:00 | CPU:  54% | Media:  41%
ðŸ„ 14:04:03 | CPU:  57% | Media:  43%
ðŸ„ 14:04:06 | CPU:  33% | Media:  44%
ðŸ„ 14:04:09 | CPU:  38% | Media:  43%
ðŸ„ 14:04:12 | CPU:  77% | Media:  46%
ðŸ„ 14:04:15 | CPU:  56% | Media:  50%
ðŸ„ 14:04:18 | CPU:  34% | Media:  48%
ðŸ„ 14:04:21 | CPU:  58% | Media:  47%
ðŸ„ 14:04:24 | CPU:  76% | Media:  50%
ðŸ„ 14:04:27 | CPU:  37% | Media:  52%
ðŸ„ 14:04:31 | CPU:  23% | Media:  49%
ðŸ„ 14:04:34 | CPU:  33% | Media:  46%
ðŸ„ 14:04:37 | CPU:  40% | Media:  47%
ðŸ„ 14:04:40 | CPU:  24% | Media:  46%
ðŸ„ 14:04:43 | CPU:  37% | Media:  42%
ðŸ„ 14:04:46 | CPU:  23% | Media:  38%
[02/15/2026 14:04:46] ACTION: Switched to ECONOMIA DE ENERGIA
ðŸ„ 14:04:49 | CPU:  71% | Media:  42%
[02/15/2026 14:04:50] ACTION: Switched to EQUILIBRADO
ðŸ„ 14:04:53 | CPU:  30% | Media:  39%
[02/15/2026 14:04:53] ACTION: Switched to ECONOMIA DE ENERGIA
ðŸ„ 14:04:56 | CPU:  48% | Media:  37%
ðŸ„ 14:04:59 | CPU:  37% | Media:  37%
ðŸ„ 14:05:02 | CPU:  54% | Media:  40%
[02/15/2026 14:05:03] ACTION: Switched to EQUILIBRADO
ðŸ„ 14:05:06 | CPU:  60% | Media:  42%
ðŸ„ 14:05:09 | CPU:  35% | Media:  42%
ðŸ„ 14:05:12 | CPU:  32% | Media:  43%
ðŸ„ 14:05:15 | CPU:  32% | Media:  42%
ðŸ„ 14:05:18 | CPU:  46% | Media:  44%
ðŸ„ 14:05:21 | CPU:  20% | Media:  39%
[02/15/2026 14:05:21] ACTION: Switched to ECONOMIA DE ENERGIA
ðŸ„ 14:05:24 | CPU:  54% | Media:  42%
[02/15/2026 14:05:25] ACTION: Switched to EQUILIBRADO
ðŸ„ 14:05:28 | CPU:  28% | Media:  40%
ðŸ„ 14:05:31 | CPU:  50% | Media:  41%
ðŸ„ 14:05:34 | CPU:  30% | Media:  39%
[02/15/2026 14:05:34] ACTION: Switched to ECONOMIA DE ENERGIA
ðŸ„ 14:05:37 | CPU:  62% | Media:  39%
ðŸ„ 14:05:41 | CPU:  74% | Media:  43%
[02/15/2026 14:05:41] ACTION: Switched to EQUILIBRADO
ðŸ„ 14:05:44 | CPU:  26% | Media:  42%
ðŸ„ 14:05:48 | CPU:  57% | Media:  45%
ðŸ„ 14:05:51 | CPU:  29% | Media:  43%
ðŸ„ 14:05:54 | CPU:  27% | Media:  44%
ðŸ„ 14:05:57 | CPU:  63% | Media:  45%
ðŸ„ 14:06:00 | CPU:  71% | Media:  49%
ðŸ„ 14:06:03 | CPU:  63% | Media:  50%
ðŸ„ 14:06:06 | CPU:  70% | Media:  54%
ðŸ„ 14:06:09 | CPU:  42% | Media:  52%
ðŸ„ 14:06:12 | CPU:  33% | Media:  48%
ðŸ„ 14:06:15 | CPU:  37% | Media:  49%
ðŸ„ 14:06:19 | CPU:  34% | Media:  47%
ðŸ„ 14:06:22 | CPU:  47% | Media:  49%
ðŸ„ 14:06:25 | CPU:  46% | Media:  51%
ðŸ„ 14:06:28 | CPU:  20% | Media:  46%
ðŸ„ 14:06:31 | CPU:  37% | Media:  43%
ðŸ„ 14:06:34 | CPU:  50% | Media:  42%
ðŸ„ 14:06:37 | CPU:  51% | Media:  40%
ðŸ„ 14:06:40 | CPU:  66% | Media:  42%
ðŸ„ 14:06:43 | CPU:  40% | Media:  43%
ðŸ„ 14:06:46 | CPU:  51% | Media:  44%
ðŸ„ 14:06:49 | CPU:  44% | Media:  45%
ðŸ„ 14:06:53 | CPU:  68% | Media:  47%
ðŸ„ 14:06:56 | CPU:  65% | Media:  49%
ðŸ„ 14:06:59 | CPU:  77% | Media:  55%
ðŸ„ 14:07:02 | CPU:  73% | Media:  58%
ðŸ„ 14:07:05 | CPU:  60% | Media:  60%
ðŸ„ 14:07:08 | CPU:  65% | Media:  61%
ðŸ„ 14:07:11 | CPU:  41% | Media:  58%
ðŸ„ 14:07:14 | CPU:  40% | Media:  58%
ðŸ„ 14:07:17 | CPU:  33% | Media:  57%
ðŸ„ 14:07:21 | CPU:  19% | Media:  54%
ðŸ„ 14:07:24 | CPU:  31% | Media:  50%
ðŸ„ 14:07:27 | CPU:  42% | Media:  48%
ðŸ„ 14:07:30 | CPU:  35% | Media:  44%
ðŸ„ 14:07:33 | CPU:  27% | Media:  39%
[02/15/2026 14:07:33] ACTION: Switched to ECONOMIA DE ENERGIA
ðŸ„ 14:07:36 | CPU:  49% | Media:  38%
ðŸ„ 14:07:39 | CPU:  49% | Media:  37%
ðŸ„ 14:07:42 | CPU:  41% | Media:  37%
ðŸ„ 14:07:45 | CPU:  46% | Media:  37%
ðŸ„ 14:07:48 | CPU:  60% | Media:  40%
[02/15/2026 14:07:49] ACTION: Switched to EQUILIBRADO
ðŸ„ 14:07:52 | CPU:  57% | Media:  44%
ðŸ„ 14:07:55 | CPU:  42% | Media:  45%
ðŸ„ 14:07:58 | CPU:  52% | Media:  46%
ðŸ„ 14:08:01 | CPU:  28% | Media:  45%
ðŸ„ 14:08:04 | CPU:  68% | Media:  49%
ðŸ„ 14:08:07 | CPU:  34% | Media:  48%
ðŸ„ 14:08:11 | CPU:  31% | Media:  46%
ðŸ„ 14:08:14 | CPU:  20% | Media:  44%
ðŸ„ 14:08:17 | CPU:  45% | Media:  44%
ðŸ„ 14:08:20 | CPU:  57% | Media:  43%
ðŸ„ 14:08:23 | CPU:  20% | Media:  40%
ðŸ„ 14:08:26 | CPU:  27% | Media:  38%
[02/15/2026 14:08:26] ACTION: Switched to ECONOMIA DE ENERGIA
ðŸ„ 14:08:29 | CPU:  68% | Media:  40%
[02/15/2026 14:08:30] ACTION: Switched to EQUILIBRADO
ðŸ„ 14:08:33 | CPU:  28% | Media:  40%
ðŸ„ 14:08:36 | CPU:  54% | Media:  38%
[02/15/2026 14:08:36] ACTION: Switched to ECONOMIA DE ENERGIA
ðŸ„ 14:08:39 | CPU:  38% | Media:  39%
ðŸ„ 14:08:42 | CPU:  65% | Media:  42%
[02/15/2026 14:08:43] ACTION: Switched to EQUILIBRADO
ðŸ„ 14:08:46 | CPU:  30% | Media:  43%
ðŸ„ 14:08:49 | CPU:  29% | Media:  42%
ðŸ„ 14:08:52 | CPU:  19% | Media:  38%
[02/15/2026 14:08:52] ACTION: Switched to ECONOMIA DE ENERGIA
ðŸ„ 14:08:55 | CPU:  70% | Media:  43%
[02/15/2026 14:08:56] ACTION: Switched to EQUILIBRADO
ðŸ„ 14:08:59 | CPU:  28% | Media:  43%
ðŸ„ 14:09:02 | CPU:  28% | Media:  39%
[02/15/2026 14:09:02] ACTION: Switched to ECONOMIA DE ENERGIA
ðŸ„ 14:09:05 | CPU:  54% | Media:  42%
[02/15/2026 14:09:05] ACTION: Switched to EQUILIBRADO
ðŸ„ 14:09:08 | CPU:  53% | Media:  41%
ðŸ„ 14:09:11 | CPU:  63% | Media:  44%
ðŸ„ 14:09:14 | CPU:  51% | Media:  42%
ðŸ„ 14:09:18 | CPU:  63% | Media:  46%
ðŸ„ 14:09:21 | CPU:  42% | Media:  47%
ðŸ„ 14:09:24 | CPU:  24% | Media:  48%
ðŸ„ 14:09:27 | CPU:  28% | Media:  43%
ðŸ„ 14:09:30 | CPU:  42% | Media:  45%
ðŸ„ 14:09:33 | CPU:  34% | Media:  45%
ðŸ„ 14:09:36 | CPU:  18% | Media:  42%
ðŸ„ 14:09:39 | CPU:  41% | Media:  41%
ðŸ„ 14:09:42 | CPU:  36% | Media:  38%
[02/15/2026 14:09:43] ACTION: Switched to ECONOMIA DE ENERGIA
ðŸ„ 14:09:46 | CPU:  39% | Media:  37%
ðŸ„ 14:09:49 | CPU:  48% | Media:  35%
ðŸ„ 14:09:52 | CPU:  41% | Media:  35%
ðŸ„ 14:09:55 | CPU:  37% | Media:  36%
ðŸ„ 14:09:58 | CPU:  34% | Media:  37%
ðŸ„ 14:10:01 | CPU:  34% | Media:  36%
ðŸ„ 14:10:05 | CPU:  49% | Media:  38%
ðŸ„ 14:10:08 | CPU:  37% | Media:  40%
[02/15/2026 14:10:08] ACTION: Switched to EQUILIBRADO
ðŸ„ 14:10:11 | CPU:  55% | Media:  41%
ðŸ„ 14:10:14 | CPU:  20% | Media:  39%
[02/15/2026 14:10:14] ACTION: Switched to ECONOMIA DE ENERGIA
ðŸ„ 14:10:18 | CPU:  38% | Media:  39%
ðŸ„ 14:10:21 | CPU:  43% | Media:  39%
ðŸ„ 14:10:24 | CPU:  47% | Media:  39%
ðŸ„ 14:10:27 | CPU:  54% | Media:  41%
[02/15/2026 14:10:28] ACTION: Switched to EQUILIBRADO
ðŸ„ 14:10:31 | CPU:  43% | Media:  42%
ðŸ„ 14:10:34 | CPU:  34% | Media:  42%
ðŸ„ 14:10:37 | CPU:  34% | Media:  40%
ðŸ„ 14:10:40 | CPU:  51% | Media:  42%
ðŸ„ 14:10:43 | CPU:  40% | Media:  40%
ðŸ„ 14:10:46 | CPU:  34% | Media:  42%
ðŸ„ 14:10:49 | CPU:  48% | Media:  43%
ðŸ„ 14:10:53 | CPU:  76% | Media:  46%
ðŸ„ 14:10:56 | CPU:  74% | Media:  49%
ðŸ„ 14:10:59 | CPU:  60% | Media:  49%
ðŸ„ 14:11:02 | CPU:  41% | Media:  49%
ðŸ„ 14:11:05 | CPU:  32% | Media:  49%
ðŸ„ 14:11:08 | CPU:  34% | Media:  49%
ðŸ„ 14:11:11 | CPU:  20% | Media:  46%
ðŸ„ 14:11:14 | CPU:  47% | Media:  47%
ðŸ„ 14:11:17 | CPU:  28% | Media:  46%
ðŸ„ 14:11:20 | CPU:  22% | Media:  43%
ðŸ„ 14:11:23 | CPU:  60% | Media:  42%
ðŸ„ 14:11:27 | CPU:  46% | Media:  39%
[02/15/2026 14:11:27] ACTION: Switched to ECONOMIA DE ENERGIA
ðŸ„ 14:11:30 | CPU:  62% | Media:  39%
ðŸ„ 14:11:33 | CPU:  70% | Media:  42%
[02/15/2026 14:11:34] ACTION: Switched to EQUILIBRADO
ðŸ„ 14:11:37 | CPU:  32% | Media:  42%
ðŸ„ 14:11:40 | CPU:  39% | Media:  43%
ðŸ„ 14:11:43 | CPU:  21% | Media:  43%
ðŸ„ 14:11:46 | CPU:  29% | Media:  41%
ðŸ„ 14:11:49 | CPU:  72% | Media:  45%
ðŸ„ 14:11:52 | CPU:  58% | Media:  49%
ðŸ„ 14:11:55 | CPU:  53% | Media:  48%
ðŸ„ 14:11:58 | CPU:  82% | Media:  52%
ðŸ„ 14:12:01 | CPU:  55% | Media:  51%
ðŸ„ 14:12:04 | CPU:  60% | Media:  50%
ðŸ„ 14:12:08 | CPU:  24% | Media:  49%
ðŸ„ 14:12:11 | CPU:  31% | Media:  48%
ðŸ„ 14:12:14 | CPU:  40% | Media:  50%
ðŸ„ 14:12:17 | CPU:  23% | Media:  50%
ðŸ„ 14:12:20 | CPU:  39% | Media:  46%
ðŸ„ 14:12:23 | CPU:  42% | Media:  45%
ðŸ„ 14:12:26 | CPU:  29% | Media:  42%
ðŸ„ 14:12:29 | CPU:  64% | Media:  41%
ðŸ„ 14:12:32 | CPU:  51% | Media:  40%
ðŸ„ 14:12:35 | CPU:  34% | Media:  38%
[02/15/2026 14:12:35] ACTION: Switched to ECONOMIA DE ENERGIA
ðŸ„ 14:12:38 | CPU:  43% | Media:  40%
[02/15/2026 14:12:39] ACTION: Switched to EQUILIBRADO
ðŸ„ 14:12:42 | CPU:  24% | Media:  39%
[02/15/2026 14:12:42] ACTION: Switched to ECONOMIA DE ENERGIA
ðŸ„ 14:12:45 | CPU:  65% | Media:  41%
[02/15/2026 14:12:46] ACTION: Switched to EQUILIBRADO
ðŸ„ 14:12:49 | CPU:  37% | Media:  43%
ðŸ„ 14:12:52 | CPU:  29% | Media:  42%
ðŸ„ 14:12:55 | CPU:  32% | Media:  41%
ðŸ„ 14:12:58 | CPU:  27% | Media:  41%
ðŸ„ 14:13:01 | CPU:  35% | Media:  38%
[02/15/2026 14:13:01] ACTION: Switched to ECONOMIA DE ENERGIA
ðŸ„ 14:13:04 | CPU:  41% | Media:  37%
ðŸ„ 14:13:08 | CPU:  43% | Media:  38%
ðŸ„ 14:13:11 | CPU:  44% | Media:  38%
ðŸ„ 14:13:14 | CPU:  53% | Media:  41%
[02/15/2026 14:13:14] ACTION: Switched to EQUILIBRADO
ðŸ„ 14:13:17 | CPU:  41% | Media:  38%
[02/15/2026 14:13:17] ACTION: Switched to ECONOMIA DE ENERGIA
ðŸ„ 14:13:20 | CPU:  60% | Media:  40%
[02/15/2026 14:13:21] ACTION: Switched to EQUILIBRADO
ðŸ„ 14:13:24 | CPU:  33% | Media:  41%
ðŸ„ 14:13:27 | CPU:  35% | Media:  41%
ðŸ„ 14:13:30 | CPU:  21% | Media:  41%
ðŸ„ 14:13:34 | CPU:  25% | Media:  40%
ðŸ„ 14:13:37 | CPU:  31% | Media:  39%
[02/15/2026 14:13:37] ACTION: Switched to ECONOMIA DE ENERGIA
ðŸ„ 14:13:40 | CPU:  58% | Media:  40%
[02/15/2026 14:13:40] ACTION: Switched to EQUILIBRADO
ðŸ„ 14:13:43 | CPU:  27% | Media:  38%
[02/15/2026 14:13:43] ACTION: Switched to ECONOMIA DE ENERGIA
ðŸ„ 14:13:46 | CPU:  40% | Media:  37%
ðŸ„ 14:13:50 | CPU:  58% | Media:  39%
ðŸ„ 14:13:53 | CPU:  51% | Media:  38%
ðŸ„ 14:13:56 | CPU:  52% | Media:  40%
[02/15/2026 14:13:56] ACTION: Switched to EQUILIBRADO
ðŸ„ 14:13:59 | CPU:  23% | Media:  39%
[02/15/2026 14:13:59] ACTION: Switched to ECONOMIA DE ENERGIA
ðŸ„ 14:14:02 | CPU:  37% | Media:  40%
[02/15/2026 14:14:03] ACTION: Switched to EQUILIBRADO
ðŸ„ 14:14:06 | CPU:  57% | Media:  43%
ðŸ„ 14:14:09 | CPU:  71% | Media:  47%
ðŸ„ 14:14:12 | CPU:  48% | Media:  46%
ðŸ„ 14:14:15 | CPU:  65% | Media:  50%
ðŸ„ 14:14:18 | CPU:  41% | Media:  50%
ðŸ„ 14:14:21 | CPU:  29% | Media:  47%
ðŸ„ 14:14:25 | CPU:  22% | Media:  44%
ðŸ„ 14:14:28 | CPU:  28% | Media:  42%
ðŸ„ 14:14:31 | CPU:  18% | Media:  42%
ðŸ„ 14:14:34 | CPU:  37% | Media:  42%
ðŸ„ 14:14:37 | CPU:  19% | Media:  38%
[02/15/2026 14:14:37] ACTION: Switched to ECONOMIA DE ENERGIA
ðŸ„ 14:14:40 | CPU:  52% | Media:  36%
ðŸ„ 14:14:43 | CPU:  52% | Media:  36%
ðŸ„ 14:14:46 | CPU:  63% | Media:  36%
ðŸ„ 14:14:49 | CPU:  56% | Media:  38%
ðŸ„ 14:14:53 | CPU:  43% | Media:  39%
ðŸ„ 14:14:56 | CPU:  55% | Media:  42%
[02/15/2026 14:14:56] ACTION: Switched to EQUILIBRADO
ðŸ„ 14:14:59 | CPU:  32% | Media:  43%
ðŸ„ 14:15:02 | CPU:  31% | Media:  44%
ðŸ„ 14:15:05 | CPU:  33% | Media:  44%
ðŸ„ 14:15:08 | CPU:  30% | Media:  45%
ðŸ„ 14:15:11 | CPU:  33% | Media:  43%
ðŸ„ 14:15:15 | CPU:  39% | Media:  42%
ðŸ„ 14:15:18 | CPU:  37% | Media:  39%
[02/15/2026 14:15:18] ACTION: Switched to ECONOMIA DE ENERGIA
ðŸ„ 14:15:21 | CPU:  31% | Media:  36%
ðŸ„ 14:15:24 | CPU:  42% | Media:  36%
ðŸ„ 14:15:27 | CPU:  39% | Media:  35%
ðŸ„ 14:15:30 | CPU:  52% | Media:  37%
ðŸ„ 14:15:34 | CPU:  31% | Media:  37%
ðŸ„ 14:15:37 | CPU:  40% | Media:  37%
ðŸ„ 14:15:40 | CPU:  51% | Media:  40%
[02/15/2026 14:15:40] ACTION: Switched to EQUILIBRADO
ðŸ„ 14:15:43 | CPU:  27% | Media:  39%
[02/15/2026 14:15:43] ACTION: Switched to ECONOMIA DE ENERGIA
ðŸ„ 14:15:47 | CPU:  24% | Media:  37%
ðŸ„ 14:15:50 | CPU:  67% | Media:  40%
[02/15/2026 14:15:50] ACTION: Switched to EQUILIBRADO
ðŸ„ 14:15:53 | CPU:  18% | Media:  39%
[02/15/2026 14:15:53] ACTION: Switched to ECONOMIA DE ENERGIA
ðŸ„ 14:15:56 | CPU:  35% | Media:  38%
ðŸ„ 14:15:59 | CPU:  31% | Media:  38%
ðŸ„ 14:16:03 | CPU:  34% | Media:  36%
ðŸ„ 14:16:06 | CPU:  68% | Media:  40%
[02/15/2026 14:16:06] ACTION: Switched to EQUILIBRADO
ðŸ„ 14:16:09 | CPU:  20% | Media:  38%
[02/15/2026 14:16:09] ACTION: Switched to ECONOMIA DE ENERGIA
ðŸ„ 14:16:12 | CPU:  99% | Media:  42%
[02/15/2026 14:16:13] ACTION: Switched to EQUILIBRADO
ðŸ„ 14:16:16 | CPU:  84% | Media:  48%
ðŸ„ 14:16:20 | CPU:  75% | Media:  53%
ðŸ„ 14:16:23 | CPU:  48% | Media:  51%
ðŸ„ 14:16:26 | CPU:  99% | Media:  59%
ðŸ„ 14:16:29 | CPU:  60% | Media:  62%
ðŸ„ 14:16:32 | CPU:  46% | Media:  63%
ðŸ„ 14:16:35 | CPU:  73% | Media:  67%
ðŸ„ 14:16:38 | CPU:  86% | Media:  69%
ðŸ„ 14:16:41 | CPU:  42% | Media:  71%
ðŸ„ 14:16:44 | CPU:  56% | Media:  67%
ðŸ„ 14:16:48 | CPU:  69% | Media:  65%
ðŸ„ 14:16:51 | CPU:  31% | Media:  61%
ðŸ„ 14:16:54 | CPU:  37% | Media:  60%
ðŸ„ 14:16:57 | CPU:  17% | Media:  52%
ðŸ„ 14:17:00 | CPU:  40% | Media:  50%
ðŸ„ 14:17:03 | CPU:  93% | Media:  54%
ðŸ„ 14:17:06 | CPU:  87% | Media:  56%
ðŸ„ 14:17:09 | CPU:  57% | Media:  53%
ðŸ„ 14:17:12 | CPU:  42% | Media:  53%
ðŸ„ 14:17:15 | CPU:  58% | Media:  53%
ðŸ„ 14:17:18 | CPU:  55% | Media:  52%
ðŸ„ 14:17:21 | CPU:  67% | Media:  55%
ðŸ„ 14:17:25 | CPU:  57% | Media:  57%
ðŸ„ 14:17:28 | CPU:  88% | Media:  64%
ðŸ„ 14:17:31 | CPU:  40% | Media:  64%
ðŸ„ 14:17:34 | CPU:  28% | Media:  58%
ðŸ„ 14:17:37 | CPU:  57% | Media:  55%
ðŸ„ 14:17:40 | CPU:  37% | Media:  53%
ðŸ„ 14:17:43 | CPU:  38% | Media:  52%
ðŸ„ 14:17:47 | CPU:  25% | Media:  49%
ðŸ„ 14:17:50 | CPU:  29% | Media:  47%
ðŸ„ 14:17:53 | CPU:  20% | Media:  42%
ðŸ„ 14:17:56 | CPU:  23% | Media:  38%
[02/15/2026 14:17:56] ACTION: Switched to ECONOMIA DE ENERGIA
ðŸ„ 14:17:59 | CPU:  54% | Media:  35%
ðŸ„ 14:18:02 | CPU:  97% | Media:  41%
[02/15/2026 14:18:03] ACTION: Switched to EQUILIBRADO
ðŸ„ 14:18:06 | CPU:  50% | Media:  43%
